loading app controller/lb_controller.py
loading app ryu.controller.ofp_handler
instantiating app controller/lb_controller.py of ContentLoadBalancer
[START] policy=static  path_policy=congestion  VIP=10.0.0.100:9000  reports on 10.0.0.254:5555/udp
instantiating app ryu.controller.ofp_handler of OFPHandler
[SWITCH] s1 connected
[SWITCH] s4 connected
[SWITCH] s2 connected
[SWITCH] s3 connected
[MONITOR] s1-s2=0% s2-s4=0% s1-s3=0% s3-s4=0%
[STATUS] srv1=DOWN srv2=DOWN srv3=DOWN
[HEALTH] srv1 is UP (load reports received)
[HEALTH] srv2 is UP (load reports received)
[HEALTH] srv3 is UP (load reports received)
[MONITOR] s1-s2=0% s2-s4=0% s1-s3=0% s3-s4=0%
[LB] h1:38312 -> srv1 via s1-s2-s4  (policy=static | srv1=UP(1) srv2=UP(0) srv3=UP(0))
[LB] h2:35682 -> srv1 via s1-s2-s4  (policy=static | srv1=UP(2) srv2=UP(0) srv3=UP(0))
[LB] h3:46378 -> srv1 via s1-s2-s4  (policy=static | srv1=UP(3) srv2=UP(0) srv3=UP(0))
[STATUS] srv1=UP(3) srv2=UP(0) srv3=UP(0)
[MONITOR] s1-s2=46% s2-s4=46% s1-s3=0% s3-s4=0%
[STATUS] srv1=UP(3) srv2=UP(0) srv3=UP(0)
[MONITOR] s1-s2=49% s2-s4=49% s1-s3=0% s3-s4=0%
[LB] h2:37734 -> srv1 via s1-s2-s4  (policy=static | srv1=UP(4) srv2=UP(0) srv3=UP(0))
[LB] h3:37666 -> srv1 via s1-s2-s4  (policy=static | srv1=UP(5) srv2=UP(0) srv3=UP(0))
[LB] h1:37292 -> srv1 via s1-s2-s4  (policy=static | srv1=UP(6) srv2=UP(0) srv3=UP(0))
[HEALTH] srv1 is DOWN (no report for 3s)
[LB] h2:37736 -> srv1 via s1-s2-s4  (policy=static | srv1=DOWN srv2=UP(0) srv3=UP(0))
[LB] h2:37738 -> srv1 via s1-s2-s4  (policy=static | srv1=DOWN srv2=UP(0) srv3=UP(0))
[LB] h3:37670 -> srv1 via s1-s2-s4  (policy=static | srv1=DOWN srv2=UP(0) srv3=UP(0))
[LB] h1:37296 -> srv1 via s1-s2-s4  (policy=static | srv1=DOWN srv2=UP(0) srv3=UP(0))
[LB] h3:37672 -> srv1 via s1-s2-s4  (policy=static | srv1=DOWN srv2=UP(0) srv3=UP(0))
[LB] h1:37312 -> srv1 via s1-s2-s4  (policy=static | srv1=DOWN srv2=UP(0) srv3=UP(0))
[LB] h2:37750 -> srv1 via s1-s2-s4  (policy=static | srv1=DOWN srv2=UP(0) srv3=UP(0))
[LB] h3:37684 -> srv1 via s1-s2-s4  (policy=static | srv1=DOWN srv2=UP(0) srv3=UP(0))
[LB] h1:37316 -> srv1 via s1-s2-s4  (policy=static | srv1=DOWN srv2=UP(0) srv3=UP(0))
[LB] h2:37766 -> srv1 via s1-s2-s4  (policy=static | srv1=DOWN srv2=UP(0) srv3=UP(0))
[LB] h2:37776 -> srv1 via s1-s2-s4  (policy=static | srv1=DOWN srv2=UP(0) srv3=UP(0))
[LB] h3:37690 -> srv1 via s1-s2-s4  (policy=static | srv1=DOWN srv2=UP(0) srv3=UP(0))
[LB] h1:37320 -> srv1 via s1-s2-s4  (policy=static | srv1=DOWN srv2=UP(0) srv3=UP(0))
[LB] h3:37700 -> srv1 via s1-s2-s4  (policy=static | srv1=DOWN srv2=UP(0) srv3=UP(0))
[LB] h1:37328 -> srv1 via s1-s2-s4  (policy=static | srv1=DOWN srv2=UP(0) srv3=UP(0))
[MONITOR] s1-s2=0% s2-s4=0% s1-s3=0% s3-s4=0%
[STATUS] srv1=DOWN srv2=UP(0) srv3=UP(0)
[LB] h2:37788 -> srv1 via s1-s2-s4  (policy=static | srv1=DOWN srv2=UP(0) srv3=UP(0))
[LB] h3:37708 -> srv1 via s1-s2-s4  (policy=static | srv1=DOWN srv2=UP(0) srv3=UP(0))
[LB] h1:37332 -> srv1 via s1-s2-s4  (policy=static | srv1=DOWN srv2=UP(0) srv3=UP(0))
[LB] h2:37800 -> srv1 via s1-s2-s4  (policy=static | srv1=DOWN srv2=UP(0) srv3=UP(0))
[LB] h2:37802 -> srv1 via s1-s2-s4  (policy=static | srv1=DOWN srv2=UP(0) srv3=UP(0))
[LB] h3:37720 -> srv1 via s1-s2-s4  (policy=static | srv1=DOWN srv2=UP(0) srv3=UP(0))
[LB] h1:37334 -> srv1 via s1-s2-s4  (policy=static | srv1=DOWN srv2=UP(0) srv3=UP(0))
[LB] h3:37730 -> srv1 via s1-s2-s4  (policy=static | srv1=DOWN srv2=UP(0) srv3=UP(0))
[LB] h1:37340 -> srv1 via s1-s2-s4  (policy=static | srv1=DOWN srv2=UP(0) srv3=UP(0))
[LB] h2:56244 -> srv1 via s1-s2-s4  (policy=static | srv1=DOWN srv2=UP(0) srv3=UP(0))
[LB] h3:33196 -> srv1 via s1-s2-s4  (policy=static | srv1=DOWN srv2=UP(0) srv3=UP(0))
[LB] h1:35502 -> srv1 via s1-s2-s4  (policy=static | srv1=DOWN srv2=UP(0) srv3=UP(0))
[LB] h2:56256 -> srv1 via s1-s2-s4  (policy=static | srv1=DOWN srv2=UP(0) srv3=UP(0))
[LB] h1:35518 -> srv1 via s1-s2-s4  (policy=static | srv1=DOWN srv2=UP(0) srv3=UP(0))
[LB] h3:33204 -> srv1 via s1-s2-s4  (policy=static | srv1=DOWN srv2=UP(0) srv3=UP(0))
[LINK] s1-s2 is DOWN -> clearing dynamic rules to re-route
[LINK] s1-s3 is DOWN -> clearing dynamic rules to re-route
[LINK] s2-s4 is DOWN -> clearing dynamic rules to re-route
[LINK] s3-s4 is DOWN -> clearing dynamic rules to re-route
[MONITOR] s1-s2=DOWN s2-s4=DOWN s1-s3=DOWN s3-s4=DOWN
