loading app controller/lb_controller.py
loading app ryu.controller.ofp_handler
instantiating app controller/lb_controller.py of ContentLoadBalancer
[START] policy=least_loaded  path_policy=congestion  VIP=10.0.0.100:9000  reports on 10.0.0.254:5555/udp
instantiating app ryu.controller.ofp_handler of OFPHandler
[SWITCH] s1 connected
[SWITCH] s3 connected
[SWITCH] s4 connected
[SWITCH] s2 connected
[HEALTH] srv1 is UP (load reports received)
[HEALTH] srv2 is UP (load reports received)
[HEALTH] srv3 is UP (load reports received)
[LB] h1:44322 -> srv1 via s1-s2-s4  (policy=least_loaded | srv1=UP(1) srv2=UP(0) srv3=UP(0))
[LB] h3:37902 -> srv2 via s1-s2-s4  (policy=least_loaded | srv1=UP(1) srv2=UP(1) srv3=UP(0))
[LB] h2:35208 -> srv3 via s1-s2-s4  (policy=least_loaded | srv1=UP(1) srv2=UP(1) srv3=UP(1))
[MONITOR] s1-s2=0% s2-s4=0% s1-s3=0% s3-s4=0%
[STATUS] srv1=UP(1) srv2=UP(1) srv3=UP(1)
[MONITOR] s1-s2=98% s2-s4=98% s1-s3=0% s3-s4=0%
[LB] h1:49624 -> srv1 via s1-s3-s4  (policy=least_loaded | srv1=UP(1) srv2=UP(1) srv3=UP(1))
[LB] h3:42098 -> srv2 via s1-s3-s4  (policy=least_loaded | srv1=UP(1) srv2=UP(1) srv3=UP(1))
[STATUS] srv1=UP(1) srv2=UP(1) srv3=UP(1)
[LB] h2:57542 -> srv1 via s1-s3-s4  (policy=least_loaded | srv1=UP(2) srv2=UP(1) srv3=UP(1))
[MONITOR] s1-s2=92% s2-s4=92% s1-s3=23% s3-s4=24%
[LB] h1:49630 -> srv3 via s1-s2-s4  (policy=least_loaded | srv1=UP(1) srv2=UP(1) srv3=UP(1))
[LB] h3:42108 -> srv2 via s1-s2-s4  (policy=least_loaded | srv1=UP(1) srv2=UP(1) srv3=UP(1))
[STATUS] srv1=UP(1) srv2=UP(1) srv3=UP(1)
[MONITOR] s1-s2=6% s2-s4=6% s1-s3=98% s3-s4=98%
[LB] h2:43138 -> srv1 via s1-s3-s4  (policy=least_loaded | srv1=UP(1) srv2=UP(1) srv3=UP(0))
[MONITOR] s1-s2=98% s2-s4=98% s1-s3=47% s3-s4=47%
[STATUS] srv1=UP(1) srv2=UP(0) srv3=UP(0)
[LINK] s1-s2 is DOWN -> clearing dynamic rules to re-route
[LINK] s1-s3 is DOWN -> clearing dynamic rules to re-route
[LINK] s2-s4 is DOWN -> clearing dynamic rules to re-route
[LINK] s3-s4 is DOWN -> clearing dynamic rules to re-route
