loading app controller/lb_controller.py
loading app ryu.controller.ofp_handler
instantiating app controller/lb_controller.py of ContentLoadBalancer
[START] policy=round_robin  path_policy=congestion  VIP=10.0.0.100:9000  reports on 10.0.0.254:5555/udp
instantiating app ryu.controller.ofp_handler of OFPHandler
[SWITCH] s1 connected
[SWITCH] s4 connected
[SWITCH] s3 connected
[SWITCH] s2 connected
[HEALTH] srv1 is UP (load reports received)
[HEALTH] srv2 is UP (load reports received)
[HEALTH] srv3 is UP (load reports received)
[LB] h2:42222 -> srv1 via s1-s2-s4  (policy=round_robin | srv1=UP(1) srv2=UP(0) srv3=UP(0))
[LB] h3:37252 -> srv2 via s1-s2-s4  (policy=round_robin | srv1=UP(1) srv2=UP(1) srv3=UP(0))
[LB] h1:43444 -> srv3 via s1-s2-s4  (policy=round_robin | srv1=UP(1) srv2=UP(1) srv3=UP(1))
[MONITOR] s1-s2=0% s2-s4=0% s1-s3=0% s3-s4=0%
[STATUS] srv1=UP(1) srv2=UP(1) srv3=UP(1)
[MONITOR] s1-s2=98% s2-s4=98% s1-s3=0% s3-s4=0%
[LB] h2:42232 -> srv1 via s1-s3-s4  (policy=round_robin | srv1=UP(1) srv2=UP(1) srv3=UP(1))
[LB] h3:37266 -> srv2 via s1-s3-s4  (policy=round_robin | srv1=UP(1) srv2=UP(1) srv3=UP(1))
[STATUS] srv1=UP(1) srv2=UP(1) srv3=UP(1)
[LB] h1:43458 -> srv3 via s1-s3-s4  (policy=round_robin | srv1=UP(1) srv2=UP(1) srv3=UP(2))
[MONITOR] s1-s2=92% s2-s4=92% s1-s3=22% s3-s4=23%
[LB] h2:34936 -> srv1 via s1-s2-s4  (policy=round_robin | srv1=UP(1) srv2=UP(0) srv3=UP(1))
[LB] h3:59950 -> srv2 via s1-s2-s4  (policy=round_robin | srv1=UP(1) srv2=UP(1) srv3=UP(1))
[STATUS] srv1=UP(1) srv2=UP(1) srv3=UP(1)
[MONITOR] s1-s2=1% s2-s4=1% s1-s3=98% s3-s4=98%
[LB] h1:41680 -> srv3 via s1-s3-s4  (policy=round_robin | srv1=UP(1) srv2=UP(1) srv3=UP(1))
[MONITOR] s1-s2=98% s2-s4=98% s1-s3=45% s3-s4=45%
[STATUS] srv1=UP(0) srv2=UP(0) srv3=UP(1)
[LINK] s1-s2 is DOWN -> clearing dynamic rules to re-route
[LINK] s1-s3 is DOWN -> clearing dynamic rules to re-route
[LINK] s2-s4 is DOWN -> clearing dynamic rules to re-route
[LINK] s3-s4 is DOWN -> clearing dynamic rules to re-route
