loading app controller/lb_controller.py
loading app ryu.controller.ofp_handler
instantiating app controller/lb_controller.py of ContentLoadBalancer
[START] policy=round_robin  path_policy=congestion  VIP=10.0.0.100:9000  reports on 10.0.0.254:5555/udp
instantiating app ryu.controller.ofp_handler of OFPHandler
[SWITCH] s4 connected
[SWITCH] s1 connected
[SWITCH] s3 connected
[SWITCH] s2 connected
[MONITOR] s1-s2=0% s2-s4=0% s1-s3=0% s3-s4=0%
[STATUS] srv1=DOWN srv2=DOWN srv3=DOWN
[HEALTH] srv1 is UP (load reports received)
[HEALTH] srv2 is UP (load reports received)
[HEALTH] srv3 is UP (load reports received)
[MONITOR] s1-s2=0% s2-s4=0% s1-s3=0% s3-s4=0%
[LB] h1:51110 -> srv1 via s1-s2-s4  (policy=round_robin | srv1=UP(1) srv2=UP(0) srv3=UP(0))
[LB] h3:54076 -> srv2 via s1-s2-s4  (policy=round_robin | srv1=UP(1) srv2=UP(1) srv3=UP(0))
[LB] h2:35386 -> srv3 via s1-s2-s4  (policy=round_robin | srv1=UP(1) srv2=UP(1) srv3=UP(1))
[STATUS] srv1=UP(1) srv2=UP(1) srv3=UP(1)
[MONITOR] s1-s2=84% s2-s4=84% s1-s3=0% s3-s4=0%
[LB] h1:51126 -> srv1 via s1-s3-s4  (policy=round_robin | srv1=UP(1) srv2=UP(1) srv3=UP(1))
[LB] h3:54080 -> srv2 via s1-s3-s4  (policy=round_robin | srv1=UP(1) srv2=UP(1) srv3=UP(1))
[STATUS] srv1=UP(1) srv2=UP(1) srv3=UP(1)
[LB] h2:35388 -> srv3 via s1-s3-s4  (policy=round_robin | srv1=UP(1) srv2=UP(1) srv3=UP(1))
[MONITOR] s1-s2=97% s2-s4=97% s1-s3=10% s3-s4=11%
[LB] h1:43800 -> srv1 via s1-s2-s4  (policy=round_robin | srv1=UP(1) srv2=UP(0) srv3=UP(1))
[LB] h3:49814 -> srv2 via s1-s2-s4  (policy=round_robin | srv1=UP(1) srv2=UP(1) srv3=UP(1))
[MONITOR] s1-s2=0% s2-s4=0% s1-s3=98% s3-s4=98%
[STATUS] srv1=UP(1) srv2=UP(1) srv3=UP(1)
[LB] h2:46556 -> srv3 via s1-s3-s4  (policy=round_robin | srv1=UP(1) srv2=UP(1) srv3=UP(1))
[MONITOR] s1-s2=98% s2-s4=98% s1-s3=49% s3-s4=49%
[STATUS] srv1=UP(0) srv2=UP(0) srv3=UP(1)
[LINK] s1-s2 is DOWN -> clearing dynamic rules to re-route
[LINK] s1-s3 is DOWN -> clearing dynamic rules to re-route
[LINK] s2-s4 is DOWN -> clearing dynamic rules to re-route
[LINK] s3-s4 is DOWN -> clearing dynamic rules to re-route
