loading app controller/lb_controller.py
loading app ryu.controller.ofp_handler
instantiating app controller/lb_controller.py of ContentLoadBalancer
[START] policy=static  path_policy=congestion  VIP=10.0.0.100:9000  reports on 10.0.0.254:5555/udp
instantiating app ryu.controller.ofp_handler of OFPHandler
[SWITCH] s1 connected
[SWITCH] s3 connected
[SWITCH] s2 connected
[SWITCH] s4 connected
[MONITOR] s1-s2=0% s2-s4=0% s1-s3=0% s3-s4=0%
[STATUS] srv1=DOWN srv2=DOWN srv3=DOWN
[HEALTH] srv1 is UP (load reports received)
[HEALTH] srv2 is UP (load reports received)
[HEALTH] srv3 is UP (load reports received)
[MONITOR] s1-s2=0% s2-s4=0% s1-s3=0% s3-s4=0%
[LB] h1:33288 -> srv1 via s1-s2-s4  (policy=static | srv1=UP(1) srv2=UP(0) srv3=UP(0))
[LB] h2:54920 -> srv1 via s1-s2-s4  (policy=static | srv1=UP(2) srv2=UP(0) srv3=UP(0))
[LB] h3:45562 -> srv1 via s1-s2-s4  (policy=static | srv1=UP(3) srv2=UP(0) srv3=UP(0))
[STATUS] srv1=UP(3) srv2=UP(0) srv3=UP(0)
[MONITOR] s1-s2=45% s2-s4=45% s1-s3=0% s3-s4=0%
[STATUS] srv1=UP(3) srv2=UP(0) srv3=UP(0)
[MONITOR] s1-s2=49% s2-s4=49% s1-s3=0% s3-s4=0%
[LB] h1:52134 -> srv1 via s1-s2-s4  (policy=static | srv1=UP(4) srv2=UP(0) srv3=UP(0))
[LB] h2:57410 -> srv1 via s1-s2-s4  (policy=static | srv1=UP(5) srv2=UP(0) srv3=UP(0))
[LB] h3:44568 -> srv1 via s1-s2-s4  (policy=static | srv1=UP(6) srv2=UP(0) srv3=UP(0))
[HEALTH] srv1 is DOWN (no report for 3s)
[LB] h1:52138 -> srv1 via s1-s2-s4  (policy=static | srv1=DOWN srv2=UP(0) srv3=UP(0))
[LB] h1:52150 -> srv1 via s1-s2-s4  (policy=static | srv1=DOWN srv2=UP(0) srv3=UP(0))
[LB] h2:57420 -> srv1 via s1-s2-s4  (policy=static | srv1=DOWN srv2=UP(0) srv3=UP(0))
[LB] h2:57434 -> srv1 via s1-s2-s4  (policy=static | srv1=DOWN srv2=UP(0) srv3=UP(0))
[LB] h3:44584 -> srv1 via s1-s2-s4  (policy=static | srv1=DOWN srv2=UP(0) srv3=UP(0))
[LB] h3:44598 -> srv1 via s1-s2-s4  (policy=static | srv1=DOWN srv2=UP(0) srv3=UP(0))
[LB] h1:52162 -> srv1 via s1-s2-s4  (policy=static | srv1=DOWN srv2=UP(0) srv3=UP(0))
[LB] h2:57448 -> srv1 via s1-s2-s4  (policy=static | srv1=DOWN srv2=UP(0) srv3=UP(0))
[LB] h3:44604 -> srv1 via s1-s2-s4  (policy=static | srv1=DOWN srv2=UP(0) srv3=UP(0))
[LB] h1:52164 -> srv1 via s1-s2-s4  (policy=static | srv1=DOWN srv2=UP(0) srv3=UP(0))
[LB] h1:52172 -> srv1 via s1-s2-s4  (policy=static | srv1=DOWN srv2=UP(0) srv3=UP(0))
[LB] h2:57464 -> srv1 via s1-s2-s4  (policy=static | srv1=DOWN srv2=UP(0) srv3=UP(0))
[LB] h2:57466 -> srv1 via s1-s2-s4  (policy=static | srv1=DOWN srv2=UP(0) srv3=UP(0))
[LB] h3:44610 -> srv1 via s1-s2-s4  (policy=static | srv1=DOWN srv2=UP(0) srv3=UP(0))
[LB] h3:44624 -> srv1 via s1-s2-s4  (policy=static | srv1=DOWN srv2=UP(0) srv3=UP(0))
[MONITOR] s1-s2=0% s2-s4=0% s1-s3=0% s3-s4=0%
[STATUS] srv1=DOWN srv2=UP(0) srv3=UP(0)
[LB] h1:52184 -> srv1 via s1-s2-s4  (policy=static | srv1=DOWN srv2=UP(0) srv3=UP(0))
[LB] h2:57474 -> srv1 via s1-s2-s4  (policy=static | srv1=DOWN srv2=UP(0) srv3=UP(0))
[LB] h3:44630 -> srv1 via s1-s2-s4  (policy=static | srv1=DOWN srv2=UP(0) srv3=UP(0))
[LB] h1:52194 -> srv1 via s1-s2-s4  (policy=static | srv1=DOWN srv2=UP(0) srv3=UP(0))
[LB] h1:52206 -> srv1 via s1-s2-s4  (policy=static | srv1=DOWN srv2=UP(0) srv3=UP(0))
[LB] h2:57478 -> srv1 via s1-s2-s4  (policy=static | srv1=DOWN srv2=UP(0) srv3=UP(0))
[LB] h2:57490 -> srv1 via s1-s2-s4  (policy=static | srv1=DOWN srv2=UP(0) srv3=UP(0))
[LB] h3:44642 -> srv1 via s1-s2-s4  (policy=static | srv1=DOWN srv2=UP(0) srv3=UP(0))
[LB] h3:44656 -> srv1 via s1-s2-s4  (policy=static | srv1=DOWN srv2=UP(0) srv3=UP(0))
[LB] h1:52216 -> srv1 via s1-s2-s4  (policy=static | srv1=DOWN srv2=UP(0) srv3=UP(0))
[LB] h2:57498 -> srv1 via s1-s2-s4  (policy=static | srv1=DOWN srv2=UP(0) srv3=UP(0))
[LB] h3:44660 -> srv1 via s1-s2-s4  (policy=static | srv1=DOWN srv2=UP(0) srv3=UP(0))
[LB] h1:52224 -> srv1 via s1-s2-s4  (policy=static | srv1=DOWN srv2=UP(0) srv3=UP(0))
[LB] h2:57508 -> srv1 via s1-s2-s4  (policy=static | srv1=DOWN srv2=UP(0) srv3=UP(0))
[LB] h3:44664 -> srv1 via s1-s2-s4  (policy=static | srv1=DOWN srv2=UP(0) srv3=UP(0))
[LINK] s1-s2 is DOWN -> clearing dynamic rules to re-route
[LINK] s1-s3 is DOWN -> clearing dynamic rules to re-route
[LINK] s2-s4 is DOWN -> clearing dynamic rules to re-route
[LINK] s3-s4 is DOWN -> clearing dynamic rules to re-route
