loading app controller/lb_controller.py
loading app ryu.controller.ofp_handler
instantiating app controller/lb_controller.py of ContentLoadBalancer
[START] policy=least_loaded  path_policy=delay  VIP=10.0.0.100:9000  reports on 10.0.0.254:5555/udp
instantiating app ryu.controller.ofp_handler of OFPHandler
[SWITCH] s1 connected
[SWITCH] s4 connected
[SWITCH] s3 connected
[SWITCH] s2 connected
[HEALTH] srv1 is UP (load reports received)
[HEALTH] srv2 is UP (load reports received)
[HEALTH] srv3 is UP (load reports received)
[MONITOR] s1-s2=0% s2-s4=0% s1-s3=0% s3-s4=0%
[STATUS] srv1=UP(0) srv2=UP(0) srv3=UP(0)
[MONITOR] s1-s2=56% s2-s4=56% s1-s3=0% s3-s4=0%
[STATUS] srv1=UP(0) srv2=UP(0) srv3=UP(0)
[LB] h1:54116 -> srv1 via s1-s2-s4  (policy=least_loaded | srv1=UP(1) srv2=UP(0) srv3=UP(0))
[MONITOR] s1-s2=100% s2-s4=100% s1-s3=0% s3-s4=0%
[STATUS] srv1=UP(1) srv2=UP(0) srv3=UP(0)
[MONITOR] s1-s2=100% s2-s4=100% s1-s3=0% s3-s4=0%
[MONITOR] s1-s2=100% s2-s4=100% s1-s3=0% s3-s4=0%
[STATUS] srv1=UP(1) srv2=UP(0) srv3=UP(0)
[MONITOR] s1-s2=100% s2-s4=100% s1-s3=0% s3-s4=0%
[STATUS] srv1=UP(0) srv2=UP(0) srv3=UP(0)
[LB] h1:60574 -> srv1 via s1-s2-s4  (policy=least_loaded | srv1=UP(1) srv2=UP(0) srv3=UP(0))
[MONITOR] s1-s2=100% s2-s4=100% s1-s3=0% s3-s4=0%
[STATUS] srv1=UP(1) srv2=UP(0) srv3=UP(0)
[MONITOR] s1-s2=100% s2-s4=100% s1-s3=0% s3-s4=0%
[STATUS] srv1=UP(1) srv2=UP(0) srv3=UP(0)
[MONITOR] s1-s2=100% s2-s4=100% s1-s3=0% s3-s4=0%
[MONITOR] s1-s2=100% s2-s4=100% s1-s3=0% s3-s4=0%
[STATUS] srv1=UP(0) srv2=UP(0) srv3=UP(0)
[MONITOR] s1-s2=100% s2-s4=100% s1-s3=0% s3-s4=0%
[STATUS] srv1=UP(0) srv2=UP(0) srv3=UP(0)
[LB] h1:51328 -> srv1 via s1-s2-s4  (policy=least_loaded | srv1=UP(1) srv2=UP(0) srv3=UP(0))
[MONITOR] s1-s2=74% s2-s4=74% s1-s3=0% s3-s4=0%
[STATUS] srv1=UP(1) srv2=UP(0) srv3=UP(0)
[LB] h1:51334 -> srv1 via s1-s2-s4  (policy=least_loaded | srv1=UP(1) srv2=UP(0) srv3=UP(0))
[MONITOR] s1-s2=49% s2-s4=49% s1-s3=0% s3-s4=0%
[STATUS] srv1=UP(1) srv2=UP(0) srv3=UP(0)
[LB] h1:47378 -> srv1 via s1-s2-s4  (policy=least_loaded | srv1=UP(1) srv2=UP(0) srv3=UP(0))
[MONITOR] s1-s2=49% s2-s4=49% s1-s3=0% s3-s4=0%
[MONITOR] s1-s2=49% s2-s4=49% s1-s3=0% s3-s4=0%
[STATUS] srv1=UP(0) srv2=UP(0) srv3=UP(0)
[LINK] s1-s2 is DOWN -> clearing dynamic rules to re-route
[LINK] s1-s3 is DOWN -> clearing dynamic rules to re-route
[LINK] s2-s4 is DOWN -> clearing dynamic rules to re-route
[LINK] s3-s4 is DOWN -> clearing dynamic rules to re-route
