loading app controller/lb_controller.py
loading app ryu.controller.ofp_handler
instantiating app controller/lb_controller.py of ContentLoadBalancer
[START] policy=least_loaded  path_policy=congestion  VIP=10.0.0.100:9000  reports on 10.0.0.254:5555/udp
instantiating app ryu.controller.ofp_handler of OFPHandler
[SWITCH] s4 connected
[SWITCH] s1 connected
[SWITCH] s3 connected
[SWITCH] s2 connected
[MONITOR] s1-s2=0% s2-s4=0% s1-s3=0% s3-s4=0%
[STATUS] srv1=DOWN srv2=DOWN srv3=DOWN
[HEALTH] srv1 is UP (load reports received)
[HEALTH] srv2 is UP (load reports received)
[HEALTH] srv3 is UP (load reports received)
[MONITOR] s1-s2=0% s2-s4=0% s1-s3=0% s3-s4=0%
[LB] h1:57320 -> srv1 via s1-s2-s4  (policy=least_loaded | srv1=UP(1) srv2=UP(0) srv3=UP(0))
[LB] h2:37388 -> srv2 via s1-s2-s4  (policy=least_loaded | srv1=UP(1) srv2=UP(1) srv3=UP(0))
[LB] h3:58526 -> srv3 via s1-s2-s4  (policy=least_loaded | srv1=UP(1) srv2=UP(1) srv3=UP(1))
[STATUS] srv1=UP(1) srv2=UP(1) srv3=UP(1)
[MONITOR] s1-s2=89% s2-s4=90% s1-s3=0% s3-s4=0%
[LB] h1:44406 -> srv1 via s1-s3-s4  (policy=least_loaded | srv1=UP(1) srv2=UP(1) srv3=UP(1))
[LB] h2:37810 -> srv2 via s1-s3-s4  (policy=least_loaded | srv1=UP(1) srv2=UP(1) srv3=UP(1))
[STATUS] srv1=UP(1) srv2=UP(1) srv3=UP(1)
[LB] h1:44422 -> srv3 via s1-s3-s4  (policy=least_loaded | srv1=UP(1) srv2=UP(1) srv3=UP(1))
[MONITOR] s1-s2=98% s2-s4=98% s1-s3=13% s3-s4=14%
[LB] h3:36072 -> srv1 via s1-s2-s4  (policy=least_loaded | srv1=UP(2) srv2=UP(1) srv3=UP(1))
[HEALTH] srv1 is DOWN (no report for 3s)
[LB] h3:36074 -> srv2 via s1-s2-s4  (policy=least_loaded | srv1=DOWN srv2=UP(2) srv3=UP(1))
[LB] h2:60548 -> srv2 via s1-s2-s4  (policy=least_loaded | srv1=DOWN srv2=UP(2) srv3=UP(1))
[MONITOR] s1-s2=3% s2-s4=3% s1-s3=90% s3-s4=90%
[STATUS] srv1=DOWN srv2=UP(1) srv3=UP(0)
[LB] h1:52750 -> srv3 via s1-s2-s4  (policy=least_loaded | srv1=DOWN srv2=UP(1) srv3=UP(1))
[MONITOR] s1-s2=79% s2-s4=79% s1-s3=17% s3-s4=17%
[STATUS] srv1=DOWN srv2=UP(2) srv3=UP(0)
[LB] h1:52758 -> srv3 via s1-s3-s4  (policy=least_loaded | srv1=DOWN srv2=UP(2) srv3=UP(1))
[LB] h3:43590 -> srv2 via s1-s3-s4  (policy=least_loaded | srv1=DOWN srv2=UP(2) srv3=UP(1))
[MONITOR] s1-s2=78% s2-s4=78% s1-s3=15% s3-s4=15%
[LB] h2:60552 -> srv2 via s1-s2-s4  (policy=least_loaded | srv1=DOWN srv2=UP(2) srv3=UP(1))
[STATUS] srv1=DOWN srv2=UP(2) srv3=UP(0)
[MONITOR] s1-s2=22% s2-s4=22% s1-s3=70% s3-s4=70%
[STATUS] srv1=DOWN srv2=UP(1) srv3=UP(0)
[LB] h3:51468 -> srv3 via s1-s2-s4  (policy=least_loaded | srv1=DOWN srv2=UP(1) srv3=UP(1))
[MONITOR] s1-s2=19% s2-s4=19% s1-s3=30% s3-s4=29%
[LINK] s1-s2 is DOWN -> clearing dynamic rules to re-route
[LINK] s1-s3 is DOWN -> clearing dynamic rules to re-route
[LINK] s2-s4 is DOWN -> clearing dynamic rules to re-route
[LINK] s3-s4 is DOWN -> clearing dynamic rules to re-route
